// Jest Snapshot v1, https://goo.gl/fbAQLP

exports[`<Footer>  Will check with the snaptshot  1`] = `
<footer__StyledFooter
  className="footer"
>
  <div>
    Just a footer =)
  </div>
</footer__StyledFooter>
`;
